[2026-02-15 10:58:25 -0800] [1700381] [INFO] Starting gunicorn 25.1.0
[2026-02-15 10:58:25 -0800] [1700381] [INFO] Listening at: http://0.0.0.0:5003 (1700381)
[2026-02-15 10:58:25 -0800] [1700381] [INFO] Using worker: sync
[2026-02-15 10:58:25 -0800] [1700381] [INFO] Control socket listening at /home/rcampbell/aquarium-tracker/aquarium-tracker/gunicorn.ctl
[2026-02-15 10:58:25 -0800] [1700383] [INFO] Booting worker with pid: 1700383
[2026-02-15 10:58:25 -0800] [1700384] [INFO] Booting worker with pid: 1700384
[2026-02-15 10:58:25 -0800] [1700385] [INFO] Booting worker with pid: 1700385
2026-02-15 10:58:39,050 ERROR: Exception on /api/stats [GET] [in /home/rcampbell/.local/lib/python3.10/site-packages/flask/app.py:825]
Traceback (most recent call last):
  File "/home/rcampbell/.local/lib/python3.10/site-packages/flask/app.py", line 1455, in wsgi_app
    response = self.full_dispatch_request()
  File "/home/rcampbell/.local/lib/python3.10/site-packages/flask/app.py", line 869, in full_dispatch_request
    rv = self.handle_user_exception(e)
  File "/home/rcampbell/.local/lib/python3.10/site-packages/flask_cors/extension.py", line 176, in wrapped_function
    return cors_after_request(app.make_response(f(*args, **kwargs)))
  File "/home/rcampbell/.local/lib/python3.10/site-packages/flask/app.py", line 867, in full_dispatch_request
    rv = self.dispatch_request()
  File "/home/rcampbell/.local/lib/python3.10/site-packages/flask/app.py", line 852, in dispatch_request
    return self.ensure_sync(self.view_functions[rule.endpoint])(**view_args)
  File "/home/rcampbell/aquarium-tracker/aquarium-tracker/waterscribe_prod.py", line 259, in stats
    upcoming_tasks = c.fetchone()['count'] if c.fetchone() else 0
TypeError: 'NoneType' object is not subscriptable
